// Jest Snapshot v1, https://goo.gl/fbAQLP

exports[`Expect to render CounterButton Component 1`] = `
Array [
  <button
    color="red"
    id="counter"
    onClick={[Function]}
  >
    Increase Counter
  </button>,
  <h1>
    0
  </h1>,
]
`;
